// Jest Snapshot v1, https://goo.gl/fbAQLP

exports[`AuthControls component matches snapshot 1`] = `
<DocumentFragment>
  <div
    class="css-2oq9ft"
  >
    <button>
      Login
    </button>
    <button>
      Register
    </button>
  </div>
</DocumentFragment>
`;
